******************************************************************************
            TI ARM Clang Linker PC v5.1.1                      
******************************************************************************
>> Linked Tue Jul 28 20:05:23 2026

OUTPUT FILE NAME:   <X42S.out>
ENTRY POINT SYMBOL: "_c_int00_noargs"  address: 00000f7d


MEMORY CONFIGURATION

         name            origin    length      used     unused   attr    fill
----------------------  --------  ---------  --------  --------  ----  --------
  FLASH                 00000000   00020000  00001208  0001edf8  R  X
  SRAM                  20200000   00008000  0000060c  000079f4  RW X
  BCR_CONFIG            41c00000   000000ff  00000000  000000ff  R   
  BSL_CONFIG            41c00100   00000080  00000000  00000080  R   


SEGMENT ALLOCATION MAP

run origin  load origin   length   init length attrs members
----------  ----------- ---------- ----------- ----- -------
00000000    00000000    00001208   00001208    r-x
  00000000    00000000    000000c0   000000c0    r-- .intvecs
  000000c0    000000c0    00001000   00001000    r-x .text
  000010c0    000010c0    00000130   00000130    r-- .rodata
  000011f0    000011f0    00000018   00000018    r-- .cinit
20200000    20200000    0000040c   00000000    rw-
  20200000    20200000    0000040c   00000000    rw- .bss
20207e00    20207e00    00000200   00000000    rw-
  20207e00    20207e00    00000200   00000000    rw- .stack


SECTION ALLOCATION MAP

 output                                  attributes/
section   page    origin      length       input sections
--------  ----  ----------  ----------   ----------------
.intvecs   0    00000000    000000c0     
                  00000000    000000c0     startup_mspm0g350x_ticlang.o (.intvecs)

.text      0    000000c0    00001000     
                  000000c0    00000490     oled.o (.text.OLED_Send)
                  00000550    0000021c     oled.o (.text.OLED_WriteChar)
                  0000076c    00000104     oled.o (.text.OLED_Refresh)
                  00000870    00000104     task1.o (.text.Task1_Update)
                  00000974    000000fc     driverlib.a : dl_timer.o (.text.DL_Timer_initTimerMode)
                  00000a70    000000c8     oled.o (.text.OLED_Init)
                  00000b38    00000078     stepper.o (.text.Stepper_TimerIRQHandler)
                  00000bb0    00000068     stepper.o (.text.Stepper_MoveBoth)
                  00000c18    00000064     ti_msp_dl_config.o (.text.SYSCFG_DL_GPIO_init)
                  00000c7c    00000064     task1.o (.text.Task1_Init)
                  00000ce0    00000062     libc.a : memset16.S.obj (.text:memset)
                  00000d42    00000002     startup_mspm0g350x_ticlang.o (.text.Default_Handler)
                  00000d44    0000004c     ti_msp_dl_config.o (.text.SYSCFG_DL_STEPPER_TIMER_init)
                  00000d90    0000004c     stepper.o (.text.Stepper_Init)
                  00000ddc    00000044     key.o (.text.Key_Scan)
                  00000e20    00000040     ti_msp_dl_config.o (.text.SYSCFG_DL_SYSCTL_init)
                  00000e60    00000040     empty.o (.text.main)
                  00000ea0    0000003c     libc.a : autoinit.c.obj (.text:__TI_auto_init_nobinit_nopinit)
                  00000edc    00000036     oled.o (.text.OLED_WriteString)
                  00000f12    00000002     --HOLE-- [fill = 0]
                  00000f14    00000034     key.o (.text.Key_Init)
                  00000f48    00000034     ti_msp_dl_config.o (.text.SYSCFG_DL_initPower)
                  00000f7c    00000028     libc.a : boot_cortex_m.c.obj (.text:_c_int00_noargs)
                  00000fa4    00000024     oled.o (.text.OLED_Clear)
                  00000fc8    0000001c     driverlib.a : dl_timer.o (.text.DL_Timer_setClockConfig)
                  00000fe4    0000001a     libclang_rt.builtins.a : aeabi_memset.S.obj (.text)
                  00000ffe    00000002     --HOLE-- [fill = 0]
                  00001000    00000018     oled.o (.text.OLED_SetCursor)
                  00001018    00000018     empty.o (.text.TIMG0_IRQHandler)
                  00001030    00000014     ti_msp_dl_config.o (.text.SYSCFG_DL_init)
                  00001044    00000010     buzzer.o (.text.Buzzer_Init)
                  00001054    00000010     buzzer.o (.text.Buzzer_Off)
                  00001064    00000010     key.o (.text.Key_GetPressed)
                  00001074    00000010     libc.a : copy_zero_init.c.obj (.text:decompress:ZI)
                  00001084    0000000c     stepper.o (.text.Stepper_IsBusy)
                  00001090    0000000a     driverlib.a : dl_common.o (.text.DL_Common_delayCycles)
                  0000109a    00000008     task_manager.o (.text.TaskManager_Init)
                  000010a2    00000008     task_manager.o (.text.TaskManager_Update)
                  000010aa    00000006     libc.a : exit.c.obj (.text:abort)
                  000010b0    00000004     libsysbm.a : hostexit.c.obj (.text.HOSTexit)
                  000010b4    00000004     startup_mspm0g350x_ticlang.o (.text.Reset_Handler)
                  000010b8    00000004     libc.a : pre_init.c.obj (.text._system_pre_init)
                  000010bc    00000004     --HOLE-- [fill = 0]

.cinit     0    000011f0    00000018     
                  000011f0    00000008     (.cinit..bss.load) [load image, compression = zero_init]
                  000011f8    00000004     (__TI_handler_table)
                  000011fc    00000008     (__TI_cinit_table)
                  00001204    00000004     --HOLE-- [fill = 0]

.rodata    0    000010c0    00000130     
                  000010c0    00000082     oled.o (.rodata.OLED_Glyph.letters)
                  00001142    00000032     oled.o (.rodata.OLED_Glyph.digits)
                  00001174    00000019     oled.o (.rodata.OLED_Init.sequence)
                  0000118d    00000003     ti_msp_dl_config.o (.rodata.gSTEPPER_TIMERClockConfig)
                  00001190    00000014     ti_msp_dl_config.o (.rodata.gSTEPPER_TIMERTimerConfig)
                  000011a4    0000000b     task1.o (.rodata.str1.11837977244352548808.1)
                  000011af    00000009     task1.o (.rodata.str1.17468824829951465916.1)
                  000011b8    00000009     task1.o (.rodata.str1.226262020276819220.1)
                  000011c1    00000007     task1.o (.rodata.str1.2652350710670072582.1)
                  000011c8    00000007     task1.o (.rodata.str1.2693521694412614334.1)
                  000011cf    00000006     task1.o (.rodata.str1.8911659387832565323.1)
                  000011d5    00000005     oled.o (.rodata.OLED_Glyph.blank)
                  000011da    00000005     oled.o (.rodata.OLED_Glyph.decimalPoint)
                  000011df    00000005     oled.o (.rodata.OLED_Glyph.minus)
                  000011e4    00000005     oled.o (.rodata.OLED_Glyph.question)
                  000011e9    00000007     --HOLE-- [fill = 0]

.init_array 
*          0    00000000    00000000     UNINITIALIZED

.binit     0    00000000    00000000     

.bss       0    20200000    0000040c     UNINITIALIZED
                  20200000    00000400     oled.o (.bss.oledBuffer)
                  20200400    00000004     stepper.o (.bss.remainingPulses)
                  20200404    00000001     oled.o (.bss.cursorX)
                  20200405    00000001     oled.o (.bss.cursorY)
                  20200406    00000001     key.o (.bss.keyPressed)
                  20200407    00000001     key.o (.bss.keyState)
                  20200408    00000001     key.o (.bss.lastSample)
                  20200409    00000001     stepper.o (.bss.pulseLow)
                  2020040a    00000001     stepper.o (.bss.stepperBusy)
                  2020040b    00000001     task1.o (.bss.wasBusy)

.stack     0    20207e00    00000200     UNINITIALIZED
                  20207e00    00000004     libc.a : boot_cortex_m.c.obj (.stack)
                  20207e04    000001fc     --HOLE--

__llvm_prf_cnts 
*          0    20200000    00000000     UNINITIALIZED

__llvm_prf_bits 
*          0    20200000    00000000     UNINITIALIZED

MODULE SUMMARY

       Module                         code   ro data   rw data
       ------                         ----   -------   -------
    <current directory>
       oled.o                         2282   225       1026   
       task1.o                        360    49        1      
       ti_msp_dl_config.o             312    23        0      
       stepper.o                      312    0         6      
       startup_mspm0g350x_ticlang.o   6      192       0      
       key.o                          136    0         3      
       empty.o                        88     0         0      
       buzzer.o                       32     0         0      
       task_manager.o                 16     0         0      
    +--+------------------------------+------+---------+---------+
       Total:                         3544   489       1036   
                                                              
    E:/ccs_app/mspm0_sdk_2_11_00_07/source/ti/driverlib/lib/ticlang/m0p/mspm0g1x0x_g3x0x/driverlib.a
       dl_timer.o                     280    0         0      
       dl_common.o                    10     0         0      
    +--+------------------------------+------+---------+---------+
       Total:                         290    0         0      
                                                              
    E:\ccs_app\ccs\tools\compiler\ti-cgt-armllvm_5.1.1.LTS\lib\armv6m-ti-none-eabi/c/libc.a
       memset16.S.obj                 98     0         0      
       autoinit.c.obj                 60     0         0      
       boot_cortex_m.c.obj            40     0         0      
       copy_zero_init.c.obj           16     0         0      
       exit.c.obj                     6      0         0      
       pre_init.c.obj                 4      0         0      
    +--+------------------------------+------+---------+---------+
       Total:                         224    0         0      
                                                              
    E:\ccs_app\ccs\tools\compiler\ti-cgt-armllvm_5.1.1.LTS\lib\armv6m-ti-none-eabi/c/libsysbm.a
       hostexit.c.obj                 4      0         0      
    +--+------------------------------+------+---------+---------+
       Total:                         4      0         0      
                                                              
    E:\ccs_app\ccs\tools\compiler\ti-cgt-armllvm_5.1.1.LTS\lib\armv6m-ti-none-eabi/libclang_rt.builtins.a
       aeabi_memset.S.obj             26     0         0      
    +--+------------------------------+------+---------+---------+
       Total:                         26     0         0      
                                                              
       Stack:                         0      0         512    
       Linker Generated:              0      20        0      
    +--+------------------------------+------+---------+---------+
       Grand Total:                   4088   509       1548   


LINKER GENERATED COPY TABLES

__TI_cinit_table @ 000011fc records: 1, size/record: 8, table size: 8
	.bss: load addr=000011f0, load size=00000008 bytes, run addr=20200000, run size=0000040c bytes, compression=zero_init


LINKER GENERATED HANDLER TABLE

__TI_handler_table @ 000011f8 records: 1, size/record: 4, table size: 4
	index: 0, handler: __TI_zero_init


GLOBAL SYMBOLS: SORTED ALPHABETICALLY BY Name 

address   name                          
-------   ----                          
00000d43  ADC0_IRQHandler               
00000d43  ADC1_IRQHandler               
00000d43  AES_IRQHandler                
00001045  Buzzer_Init                   
00001055  Buzzer_Off                    
000010b0  C$$EXIT                       
00000d43  CANFD0_IRQHandler             
00000d43  DAC0_IRQHandler               
00001091  DL_Common_delayCycles         
00000975  DL_Timer_initTimerMode        
00000fc9  DL_Timer_setClockConfig       
00000d43  DMA_IRQHandler                
00000d43  Default_Handler               
00000d43  GROUP0_IRQHandler             
00000d43  GROUP1_IRQHandler             
000010b1  HOSTexit                      
00000d43  HardFault_Handler             
00000d43  I2C0_IRQHandler               
00000d43  I2C1_IRQHandler               
00001065  Key_GetPressed                
00000f15  Key_Init                      
00000ddd  Key_Scan                      
00000d43  NMI_Handler                   
00000fa5  OLED_Clear                    
00000a71  OLED_Init                     
0000076d  OLED_Refresh                  
00001001  OLED_SetCursor                
00000551  OLED_WriteChar                
00000edd  OLED_WriteString              
00000d43  PendSV_Handler                
00000d43  RTC_IRQHandler                
000010b5  Reset_Handler                 
00000d43  SPI0_IRQHandler               
00000d43  SPI1_IRQHandler               
00000d43  SVC_Handler                   
00000c19  SYSCFG_DL_GPIO_init           
00000d45  SYSCFG_DL_STEPPER_TIMER_init  
00000e21  SYSCFG_DL_SYSCTL_init         
00001031  SYSCFG_DL_init                
00000f49  SYSCFG_DL_initPower           
00000d91  Stepper_Init                  
00001085  Stepper_IsBusy                
00000bb1  Stepper_MoveBoth              
00000b39  Stepper_TimerIRQHandler       
00000d43  SysTick_Handler               
00000d43  TIMA0_IRQHandler              
00000d43  TIMA1_IRQHandler              
00001019  TIMG0_IRQHandler              
00000d43  TIMG12_IRQHandler             
00000d43  TIMG6_IRQHandler              
00000d43  TIMG7_IRQHandler              
00000d43  TIMG8_IRQHandler              
00000c7d  Task1_Init                    
00000871  Task1_Update                  
0000109b  TaskManager_Init              
000010a3  TaskManager_Update            
00000d43  UART0_IRQHandler              
00000d43  UART1_IRQHandler              
00000d43  UART2_IRQHandler              
00000d43  UART3_IRQHandler              
20208000  __STACK_END                   
00000200  __STACK_SIZE                  
00000000  __TI_ATRegion0_region_sz      
00000000  __TI_ATRegion0_src_addr       
00000000  __TI_ATRegion0_trg_addr       
00000000  __TI_ATRegion1_region_sz      
00000000  __TI_ATRegion1_src_addr       
00000000  __TI_ATRegion1_trg_addr       
00000000  __TI_ATRegion2_region_sz      
00000000  __TI_ATRegion2_src_addr       
00000000  __TI_ATRegion2_trg_addr       
000011fc  __TI_CINIT_Base               
00001204  __TI_CINIT_Limit              
00001204  __TI_CINIT_Warm               
000011f8  __TI_Handler_Table_Base       
000011fc  __TI_Handler_Table_Limit      
00000ea1  __TI_auto_init_nobinit_nopinit
ffffffff  __TI_pprof_out_hndl           
ffffffff  __TI_prof_data_size           
ffffffff  __TI_prof_data_start          
00000000  __TI_static_base__            
00001075  __TI_zero_init                
00000ff3  __aeabi_memclr                
00000ff3  __aeabi_memclr4               
00000ff3  __aeabi_memclr8               
00000fe5  __aeabi_memset                
00000fe5  __aeabi_memset4               
00000fe5  __aeabi_memset8               
ffffffff  __binit__                     
UNDEFED   __mpu_init                    
20207e00  __stack                       
20200000  __start___llvm_prf_bits       
20200000  __start___llvm_prf_cnts       
20200000  __stop___llvm_prf_bits        
20200000  __stop___llvm_prf_cnts        
00000f7d  _c_int00_noargs               
UNDEFED   _system_post_cinit            
000010b9  _system_pre_init              
000010ab  abort                         
ffffffff  binit                         
00000000  interruptVectors              
00000e61  main                          
00000ce1  memset                        


GLOBAL SYMBOLS: SORTED BY Symbol Address 

address   name                          
-------   ----                          
00000000  __TI_ATRegion0_region_sz      
00000000  __TI_ATRegion0_src_addr       
00000000  __TI_ATRegion0_trg_addr       
00000000  __TI_ATRegion1_region_sz      
00000000  __TI_ATRegion1_src_addr       
00000000  __TI_ATRegion1_trg_addr       
00000000  __TI_ATRegion2_region_sz      
00000000  __TI_ATRegion2_src_addr       
00000000  __TI_ATRegion2_trg_addr       
00000000  __TI_static_base__            
00000000  interruptVectors              
00000200  __STACK_SIZE                  
00000551  OLED_WriteChar                
0000076d  OLED_Refresh                  
00000871  Task1_Update                  
00000975  DL_Timer_initTimerMode        
00000a71  OLED_Init                     
00000b39  Stepper_TimerIRQHandler       
00000bb1  Stepper_MoveBoth              
00000c19  SYSCFG_DL_GPIO_init           
00000c7d  Task1_Init                    
00000ce1  memset                        
00000d43  ADC0_IRQHandler               
00000d43  ADC1_IRQHandler               
00000d43  AES_IRQHandler                
00000d43  CANFD0_IRQHandler             
00000d43  DAC0_IRQHandler               
00000d43  DMA_IRQHandler                
00000d43  Default_Handler               
00000d43  GROUP0_IRQHandler             
00000d43  GROUP1_IRQHandler             
00000d43  HardFault_Handler             
00000d43  I2C0_IRQHandler               
00000d43  I2C1_IRQHandler               
00000d43  NMI_Handler                   
00000d43  PendSV_Handler                
00000d43  RTC_IRQHandler                
00000d43  SPI0_IRQHandler               
00000d43  SPI1_IRQHandler               
00000d43  SVC_Handler                   
00000d43  SysTick_Handler               
00000d43  TIMA0_IRQHandler              
00000d43  TIMA1_IRQHandler              
00000d43  TIMG12_IRQHandler             
00000d43  TIMG6_IRQHandler              
00000d43  TIMG7_IRQHandler              
00000d43  TIMG8_IRQHandler              
00000d43  UART0_IRQHandler              
00000d43  UART1_IRQHandler              
00000d43  UART2_IRQHandler              
00000d43  UART3_IRQHandler              
00000d45  SYSCFG_DL_STEPPER_TIMER_init  
00000d91  Stepper_Init                  
00000ddd  Key_Scan                      
00000e21  SYSCFG_DL_SYSCTL_init         
00000e61  main                          
00000ea1  __TI_auto_init_nobinit_nopinit
00000edd  OLED_WriteString              
00000f15  Key_Init                      
00000f49  SYSCFG_DL_initPower           
00000f7d  _c_int00_noargs               
00000fa5  OLED_Clear                    
00000fc9  DL_Timer_setClockConfig       
00000fe5  __aeabi_memset                
00000fe5  __aeabi_memset4               
00000fe5  __aeabi_memset8               
00000ff3  __aeabi_memclr                
00000ff3  __aeabi_memclr4               
00000ff3  __aeabi_memclr8               
00001001  OLED_SetCursor                
00001019  TIMG0_IRQHandler              
00001031  SYSCFG_DL_init                
00001045  Buzzer_Init                   
00001055  Buzzer_Off                    
00001065  Key_GetPressed                
00001075  __TI_zero_init                
00001085  Stepper_IsBusy                
00001091  DL_Common_delayCycles         
0000109b  TaskManager_Init              
000010a3  TaskManager_Update            
000010ab  abort                         
000010b0  C$$EXIT                       
000010b1  HOSTexit                      
000010b5  Reset_Handler                 
000010b9  _system_pre_init              
000011f8  __TI_Handler_Table_Base       
000011fc  __TI_CINIT_Base               
000011fc  __TI_Handler_Table_Limit      
00001204  __TI_CINIT_Limit              
00001204  __TI_CINIT_Warm               
20200000  __start___llvm_prf_bits       
20200000  __start___llvm_prf_cnts       
20200000  __stop___llvm_prf_bits        
20200000  __stop___llvm_prf_cnts        
20207e00  __stack                       
20208000  __STACK_END                   
ffffffff  __TI_pprof_out_hndl           
ffffffff  __TI_prof_data_size           
ffffffff  __TI_prof_data_start          
ffffffff  __binit__                     
ffffffff  binit                         
UNDEFED   __mpu_init                    
UNDEFED   _system_post_cinit            

[103 symbols]
